2025-05-20 08:33:43,941 - INFO - === Process Output Log: Market Forces Analysis Output ===
2025-05-20 08:33:43,942 - INFO - Command: /Users/alex/Documents/Coding/undrstnd/scan_sources/.venv/bin/python /Users/alex/Documents/Coding/undrstnd/frontend/src/run_scan_sources.py
2025-05-20 08:33:43,942 - INFO - Working Directory: /Users/alex/Documents/Coding/undrstnd
2025-05-20 08:33:43,942 - INFO - Start Timestamp: 2025-05-20 08:33:43
2025-05-20 08:33:43,942 - INFO - === Output Begins ===
2025-05-20 08:33:46,503 - INFO - Traceback (most recent call last):
2025-05-20 08:33:46,505 - INFO -   File "/Users/alex/Documents/Coding/undrstnd/frontend/src/run_scan_sources.py", line 34, in <module>
2025-05-20 08:33:46,506 - INFO -     spec.loader.exec_module(main_module)
2025-05-20 08:33:46,508 - INFO -   File "<frozen importlib._bootstrap_external>", line 994, in exec_module
2025-05-20 08:33:46,509 - INFO -   File "<frozen importlib._bootstrap>", line 488, in _call_with_frames_removed
2025-05-20 08:33:46,511 - INFO -   File "/Users/alex/Documents/Coding/undrstnd/scan_sources/src/scan_sources/main.py", line 21, in <module>
2025-05-20 08:33:46,512 - INFO -     mlflow.set_experiment("scan_sources")
2025-05-20 08:33:46,514 - INFO -   File "/Users/alex/Documents/Coding/undrstnd/scan_sources/.venv/lib/python3.12/site-packages/mlflow/tracking/fluent.py", line 157, in set_experiment
2025-05-20 08:33:46,516 - INFO -     experiment = client.get_experiment_by_name(experiment_name)
2025-05-20 08:33:46,517 - INFO -                  ^^^^^^^^^^^^^^^^^^^^^^^^^^^^^^^^^^^^^^^^^^^^^^
2025-05-20 08:33:46,519 - INFO -   File "/Users/alex/Documents/Coding/undrstnd/scan_sources/.venv/lib/python3.12/site-packages/mlflow/tracking/client.py", line 1703, in get_experiment_by_name
2025-05-20 08:33:46,521 - INFO -     return self._tracking_client.get_experiment_by_name(name)
2025-05-20 08:33:46,522 - INFO -            ^^^^^^^^^^^^^^^^^^^^^^^^^^^^^^^^^^^^^^^^^^^^^^^^^^
2025-05-20 08:33:46,523 - INFO -   File "/Users/alex/Documents/Coding/undrstnd/scan_sources/.venv/lib/python3.12/site-packages/mlflow/tracking/_tracking_service/client.py", line 591, in get_experiment_by_name
2025-05-20 08:33:46,525 - INFO -     return self.store.get_experiment_by_name(name)
2025-05-20 08:33:46,527 - INFO -            ^^^^^^^^^^^^^^^^^^^^^^^^^^^^^^^^^^^^^^^
2025-05-20 08:33:46,528 - INFO -   File "/Users/alex/Documents/Coding/undrstnd/scan_sources/.venv/lib/python3.12/site-packages/mlflow/store/tracking/rest_store.py", line 641, in get_experiment_by_name
2025-05-20 08:33:46,530 - INFO -     response_proto = self._call_endpoint(GetExperimentByName, req_body)
2025-05-20 08:33:46,531 - INFO -                      ^^^^^^^^^^^^^^^^^^^^^^^^^^^^^^^^^^^^^^^^^^^^^^^^^^
2025-05-20 08:33:46,533 - INFO -   File "/Users/alex/Documents/Coding/undrstnd/scan_sources/.venv/lib/python3.12/site-packages/mlflow/store/tracking/rest_store.py", line 90, in _call_endpoint
2025-05-20 08:33:46,535 - INFO -     return call_endpoint(self.get_host_creds(), endpoint, method, json_body, response_proto)
2025-05-20 08:33:46,536 - INFO -            ^^^^^^^^^^^^^^^^^^^^^^^^^^^^^^^^^^^^^^^^^^^^^^^^^^^^^^^^^^^^^^^^^^^^^^^^^^^^^^^^^
2025-05-20 08:33:46,538 - INFO -   File "/Users/alex/Documents/Coding/undrstnd/scan_sources/.venv/lib/python3.12/site-packages/mlflow/utils/rest_utils.py", line 402, in call_endpoint
2025-05-20 08:33:46,539 - INFO -     response = verify_rest_response(response, endpoint)
2025-05-20 08:33:46,541 - INFO -                ^^^^^^^^^^^^^^^^^^^^^^^^^^^^^^^^^^^^^^^^
2025-05-20 08:33:46,543 - INFO -   File "/Users/alex/Documents/Coding/undrstnd/scan_sources/.venv/lib/python3.12/site-packages/mlflow/utils/rest_utils.py", line 265, in verify_rest_response
2025-05-20 08:33:46,545 - INFO -     raise MlflowException(
2025-05-20 08:33:46,547 - INFO - mlflow.exceptions.MlflowException: API request to endpoint /api/2.0/mlflow/experiments/get-by-name failed with error code 403 != 200. Response body: ''
2025-05-20 08:33:46,827 - ERROR - === Process completed with non-zero return code: 1 ===
2025-05-20 08:33:46,828 - INFO - End Timestamp: 2025-05-20 08:33:46
