2025-05-20 08:52:02,011 - INFO - === Process Output Log: Market Forces Analysis Output ===
2025-05-20 08:52:02,011 - INFO - Command: /Users/alex/Documents/Coding/undrstnd/scan_sources/.venv/bin/python /Users/alex/Documents/Coding/undrstnd/frontend/src/run_scan_sources.py
2025-05-20 08:52:02,011 - INFO - Working Directory: /Users/alex/Documents/Coding/undrstnd
2025-05-20 08:52:02,011 - INFO - Start Timestamp: 2025-05-20 08:52:02
2025-05-20 08:52:02,011 - INFO - === Output Begins ===
2025-05-20 08:52:04,247 - INFO - Traceback (most recent call last):
2025-05-20 08:52:04,248 - INFO -   File "/Users/alex/Documents/Coding/undrstnd/frontend/src/run_scan_sources.py", line 34, in <module>
2025-05-20 08:52:04,250 - INFO -     spec.loader.exec_module(main_module)
2025-05-20 08:52:04,251 - INFO -   File "<frozen importlib._bootstrap_external>", line 994, in exec_module
2025-05-20 08:52:04,253 - INFO -   File "<frozen importlib._bootstrap>", line 488, in _call_with_frames_removed
2025-05-20 08:52:04,255 - INFO -   File "/Users/alex/Documents/Coding/undrstnd/scan_sources/src/scan_sources/main.py", line 21, in <module>
2025-05-20 08:52:04,256 - INFO -     mlflow.set_experiment("scan_sources")
2025-05-20 08:52:04,258 - INFO -   File "/Users/alex/Documents/Coding/undrstnd/scan_sources/.venv/lib/python3.12/site-packages/mlflow/tracking/fluent.py", line 157, in set_experiment
2025-05-20 08:52:04,259 - INFO -     experiment = client.get_experiment_by_name(experiment_name)
2025-05-20 08:52:04,261 - INFO -                  ^^^^^^^^^^^^^^^^^^^^^^^^^^^^^^^^^^^^^^^^^^^^^^
2025-05-20 08:52:04,263 - INFO -   File "/Users/alex/Documents/Coding/undrstnd/scan_sources/.venv/lib/python3.12/site-packages/mlflow/tracking/client.py", line 1703, in get_experiment_by_name
2025-05-20 08:52:04,264 - INFO -     return self._tracking_client.get_experiment_by_name(name)
2025-05-20 08:52:04,266 - INFO -            ^^^^^^^^^^^^^^^^^^^^^^^^^^^^^^^^^^^^^^^^^^^^^^^^^^
2025-05-20 08:52:04,268 - INFO -   File "/Users/alex/Documents/Coding/undrstnd/scan_sources/.venv/lib/python3.12/site-packages/mlflow/tracking/_tracking_service/client.py", line 591, in get_experiment_by_name
2025-05-20 08:52:04,269 - INFO -     return self.store.get_experiment_by_name(name)
2025-05-20 08:52:04,271 - INFO -            ^^^^^^^^^^^^^^^^^^^^^^^^^^^^^^^^^^^^^^^
2025-05-20 08:52:04,272 - INFO -   File "/Users/alex/Documents/Coding/undrstnd/scan_sources/.venv/lib/python3.12/site-packages/mlflow/store/tracking/rest_store.py", line 641, in get_experiment_by_name
2025-05-20 08:52:04,274 - INFO -     response_proto = self._call_endpoint(GetExperimentByName, req_body)
2025-05-20 08:52:04,275 - INFO -                      ^^^^^^^^^^^^^^^^^^^^^^^^^^^^^^^^^^^^^^^^^^^^^^^^^^
2025-05-20 08:52:04,276 - INFO -   File "/Users/alex/Documents/Coding/undrstnd/scan_sources/.venv/lib/python3.12/site-packages/mlflow/store/tracking/rest_store.py", line 90, in _call_endpoint
2025-05-20 08:52:04,278 - INFO -     return call_endpoint(self.get_host_creds(), endpoint, method, json_body, response_proto)
2025-05-20 08:52:04,280 - INFO -            ^^^^^^^^^^^^^^^^^^^^^^^^^^^^^^^^^^^^^^^^^^^^^^^^^^^^^^^^^^^^^^^^^^^^^^^^^^^^^^^^^
2025-05-20 08:52:04,284 - INFO -   File "/Users/alex/Documents/Coding/undrstnd/scan_sources/.venv/lib/python3.12/site-packages/mlflow/utils/rest_utils.py", line 402, in call_endpoint
2025-05-20 08:52:04,286 - INFO -     response = verify_rest_response(response, endpoint)
2025-05-20 08:52:04,289 - INFO -                ^^^^^^^^^^^^^^^^^^^^^^^^^^^^^^^^^^^^^^^^
2025-05-20 08:52:04,290 - INFO -   File "/Users/alex/Documents/Coding/undrstnd/scan_sources/.venv/lib/python3.12/site-packages/mlflow/utils/rest_utils.py", line 265, in verify_rest_response
2025-05-20 08:52:04,292 - INFO -     raise MlflowException(
2025-05-20 08:52:04,293 - INFO - mlflow.exceptions.MlflowException: API request to endpoint /api/2.0/mlflow/experiments/get-by-name failed with error code 403 != 200. Response body: ''
2025-05-20 08:52:04,541 - ERROR - === Process completed with non-zero return code: 1 ===
2025-05-20 08:52:04,541 - INFO - End Timestamp: 2025-05-20 08:52:04
