2025-05-20 08:43:05,275 - INFO - === Process Output Log: Market Forces Analysis Output ===
2025-05-20 08:43:05,275 - INFO - Command: /Users/alex/Documents/Coding/undrstnd/scan_sources/.venv/bin/python /Users/alex/Documents/Coding/undrstnd/frontend/src/run_scan_sources.py
2025-05-20 08:43:05,275 - INFO - Working Directory: /Users/alex/Documents/Coding/undrstnd
2025-05-20 08:43:05,275 - INFO - Start Timestamp: 2025-05-20 08:43:05
2025-05-20 08:43:05,275 - INFO - === Output Begins ===
2025-05-20 08:43:07,887 - INFO - Traceback (most recent call last):
2025-05-20 08:43:07,889 - INFO -   File "/Users/alex/Documents/Coding/undrstnd/frontend/src/run_scan_sources.py", line 34, in <module>
2025-05-20 08:43:07,891 - INFO -     spec.loader.exec_module(main_module)
2025-05-20 08:43:07,892 - INFO -   File "<frozen importlib._bootstrap_external>", line 994, in exec_module
2025-05-20 08:43:07,894 - INFO -   File "<frozen importlib._bootstrap>", line 488, in _call_with_frames_removed
2025-05-20 08:43:07,896 - INFO -   File "/Users/alex/Documents/Coding/undrstnd/scan_sources/src/scan_sources/main.py", line 21, in <module>
2025-05-20 08:43:07,897 - INFO -     mlflow.set_experiment("scan_sources")
2025-05-20 08:43:07,899 - INFO -   File "/Users/alex/Documents/Coding/undrstnd/scan_sources/.venv/lib/python3.12/site-packages/mlflow/tracking/fluent.py", line 157, in set_experiment
2025-05-20 08:43:07,900 - INFO -     experiment = client.get_experiment_by_name(experiment_name)
2025-05-20 08:43:07,902 - INFO -                  ^^^^^^^^^^^^^^^^^^^^^^^^^^^^^^^^^^^^^^^^^^^^^^
2025-05-20 08:43:07,904 - INFO -   File "/Users/alex/Documents/Coding/undrstnd/scan_sources/.venv/lib/python3.12/site-packages/mlflow/tracking/client.py", line 1703, in get_experiment_by_name
2025-05-20 08:43:07,905 - INFO -     return self._tracking_client.get_experiment_by_name(name)
2025-05-20 08:43:07,907 - INFO -            ^^^^^^^^^^^^^^^^^^^^^^^^^^^^^^^^^^^^^^^^^^^^^^^^^^
2025-05-20 08:43:07,908 - INFO -   File "/Users/alex/Documents/Coding/undrstnd/scan_sources/.venv/lib/python3.12/site-packages/mlflow/tracking/_tracking_service/client.py", line 591, in get_experiment_by_name
2025-05-20 08:43:07,910 - INFO -     return self.store.get_experiment_by_name(name)
2025-05-20 08:43:07,912 - INFO -            ^^^^^^^^^^^^^^^^^^^^^^^^^^^^^^^^^^^^^^^
2025-05-20 08:43:07,914 - INFO -   File "/Users/alex/Documents/Coding/undrstnd/scan_sources/.venv/lib/python3.12/site-packages/mlflow/store/tracking/rest_store.py", line 641, in get_experiment_by_name
2025-05-20 08:43:07,917 - INFO -     response_proto = self._call_endpoint(GetExperimentByName, req_body)
2025-05-20 08:43:07,919 - INFO -                      ^^^^^^^^^^^^^^^^^^^^^^^^^^^^^^^^^^^^^^^^^^^^^^^^^^
2025-05-20 08:43:07,922 - INFO -   File "/Users/alex/Documents/Coding/undrstnd/scan_sources/.venv/lib/python3.12/site-packages/mlflow/store/tracking/rest_store.py", line 90, in _call_endpoint
2025-05-20 08:43:07,924 - INFO -     return call_endpoint(self.get_host_creds(), endpoint, method, json_body, response_proto)
2025-05-20 08:43:07,926 - INFO -            ^^^^^^^^^^^^^^^^^^^^^^^^^^^^^^^^^^^^^^^^^^^^^^^^^^^^^^^^^^^^^^^^^^^^^^^^^^^^^^^^^
2025-05-20 08:43:07,929 - INFO -   File "/Users/alex/Documents/Coding/undrstnd/scan_sources/.venv/lib/python3.12/site-packages/mlflow/utils/rest_utils.py", line 402, in call_endpoint
2025-05-20 08:43:07,932 - INFO -     response = verify_rest_response(response, endpoint)
2025-05-20 08:43:07,934 - INFO -                ^^^^^^^^^^^^^^^^^^^^^^^^^^^^^^^^^^^^^^^^
2025-05-20 08:43:07,936 - INFO -   File "/Users/alex/Documents/Coding/undrstnd/scan_sources/.venv/lib/python3.12/site-packages/mlflow/utils/rest_utils.py", line 265, in verify_rest_response
2025-05-20 08:43:07,941 - INFO -     raise MlflowException(
2025-05-20 08:43:07,944 - INFO - mlflow.exceptions.MlflowException: API request to endpoint /api/2.0/mlflow/experiments/get-by-name failed with error code 403 != 200. Response body: ''
2025-05-20 08:43:08,217 - ERROR - === Process completed with non-zero return code: 1 ===
2025-05-20 08:43:08,217 - INFO - End Timestamp: 2025-05-20 08:43:08
