2025-05-20 08:44:21,125 - INFO - === Process Output Log: Market Forces Analysis Output ===
2025-05-20 08:44:21,125 - INFO - Command: /Users/alex/Documents/Coding/undrstnd/scan_sources/.venv/bin/python /Users/alex/Documents/Coding/undrstnd/frontend/src/run_scan_sources.py
2025-05-20 08:44:21,125 - INFO - Working Directory: /Users/alex/Documents/Coding/undrstnd
2025-05-20 08:44:21,125 - INFO - Start Timestamp: 2025-05-20 08:44:21
2025-05-20 08:44:21,126 - INFO - === Output Begins ===
2025-05-20 08:44:23,930 - INFO - Traceback (most recent call last):
2025-05-20 08:44:23,932 - INFO -   File "/Users/alex/Documents/Coding/undrstnd/frontend/src/run_scan_sources.py", line 34, in <module>
2025-05-20 08:44:23,934 - INFO -     spec.loader.exec_module(main_module)
2025-05-20 08:44:23,935 - INFO -   File "<frozen importlib._bootstrap_external>", line 994, in exec_module
2025-05-20 08:44:23,937 - INFO -   File "<frozen importlib._bootstrap>", line 488, in _call_with_frames_removed
2025-05-20 08:44:23,939 - INFO -   File "/Users/alex/Documents/Coding/undrstnd/scan_sources/src/scan_sources/main.py", line 21, in <module>
2025-05-20 08:44:23,940 - INFO -     mlflow.set_experiment("scan_sources")
2025-05-20 08:44:23,942 - INFO -   File "/Users/alex/Documents/Coding/undrstnd/scan_sources/.venv/lib/python3.12/site-packages/mlflow/tracking/fluent.py", line 157, in set_experiment
2025-05-20 08:44:23,944 - INFO -     experiment = client.get_experiment_by_name(experiment_name)
2025-05-20 08:44:23,945 - INFO -                  ^^^^^^^^^^^^^^^^^^^^^^^^^^^^^^^^^^^^^^^^^^^^^^
2025-05-20 08:44:23,947 - INFO -   File "/Users/alex/Documents/Coding/undrstnd/scan_sources/.venv/lib/python3.12/site-packages/mlflow/tracking/client.py", line 1703, in get_experiment_by_name
2025-05-20 08:44:23,948 - INFO -     return self._tracking_client.get_experiment_by_name(name)
2025-05-20 08:44:23,950 - INFO -            ^^^^^^^^^^^^^^^^^^^^^^^^^^^^^^^^^^^^^^^^^^^^^^^^^^
2025-05-20 08:44:23,952 - INFO -   File "/Users/alex/Documents/Coding/undrstnd/scan_sources/.venv/lib/python3.12/site-packages/mlflow/tracking/_tracking_service/client.py", line 591, in get_experiment_by_name
2025-05-20 08:44:23,953 - INFO -     return self.store.get_experiment_by_name(name)
2025-05-20 08:44:23,955 - INFO -            ^^^^^^^^^^^^^^^^^^^^^^^^^^^^^^^^^^^^^^^
2025-05-20 08:44:23,956 - INFO -   File "/Users/alex/Documents/Coding/undrstnd/scan_sources/.venv/lib/python3.12/site-packages/mlflow/store/tracking/rest_store.py", line 641, in get_experiment_by_name
2025-05-20 08:44:23,959 - INFO -     response_proto = self._call_endpoint(GetExperimentByName, req_body)
2025-05-20 08:44:23,960 - INFO -                      ^^^^^^^^^^^^^^^^^^^^^^^^^^^^^^^^^^^^^^^^^^^^^^^^^^
2025-05-20 08:44:23,962 - INFO -   File "/Users/alex/Documents/Coding/undrstnd/scan_sources/.venv/lib/python3.12/site-packages/mlflow/store/tracking/rest_store.py", line 90, in _call_endpoint
2025-05-20 08:44:23,964 - INFO -     return call_endpoint(self.get_host_creds(), endpoint, method, json_body, response_proto)
2025-05-20 08:44:23,965 - INFO -            ^^^^^^^^^^^^^^^^^^^^^^^^^^^^^^^^^^^^^^^^^^^^^^^^^^^^^^^^^^^^^^^^^^^^^^^^^^^^^^^^^
2025-05-20 08:44:23,968 - INFO -   File "/Users/alex/Documents/Coding/undrstnd/scan_sources/.venv/lib/python3.12/site-packages/mlflow/utils/rest_utils.py", line 402, in call_endpoint
2025-05-20 08:44:23,970 - INFO -     response = verify_rest_response(response, endpoint)
2025-05-20 08:44:23,971 - INFO -                ^^^^^^^^^^^^^^^^^^^^^^^^^^^^^^^^^^^^^^^^
2025-05-20 08:44:23,974 - INFO -   File "/Users/alex/Documents/Coding/undrstnd/scan_sources/.venv/lib/python3.12/site-packages/mlflow/utils/rest_utils.py", line 265, in verify_rest_response
2025-05-20 08:44:23,977 - INFO -     raise MlflowException(
2025-05-20 08:44:23,978 - INFO - mlflow.exceptions.MlflowException: API request to endpoint /api/2.0/mlflow/experiments/get-by-name failed with error code 403 != 200. Response body: ''
2025-05-20 08:44:24,219 - ERROR - === Process completed with non-zero return code: 1 ===
2025-05-20 08:44:24,219 - INFO - End Timestamp: 2025-05-20 08:44:24
